Linux version 2.6.22.18-88f6281 (root@build2.dd-hot24.nas.buffalo.local) (gcc version 4.2.0 20070413 (prerelease)) #112 Mon Jul 5 09:36:54 JST 2010
CPU: ARM926EJ-S [56251311] revision 1 (ARMv5TE), cr=00053177
Machine: Feroceon-KW
Using UBoot passing parameters structure
Memory policy: ECC disabled, Data cache writeback
On node 0 totalpages: 16384
  DMA zone: 128 pages used for memmap
  DMA zone: 0 pages reserved
  DMA zone: 16256 pages, LIFO batch:3
  Normal zone: 0 pages used for memmap
CPU0: D VIVT write-back cache
CPU0: I cache: 16384 bytes, associativity 4, 32 byte lines, 128 sets
CPU0: D cache: 16384 bytes, associativity 4, 32 byte lines, 128 sets
Built 1 zonelists.  Total pages: 16256
Kernel command line: console=ttyS0,115200 root=/dev/sda2 rw panic=5 BOOTVER=0.10
PID hash table entries: 256 (order: 8, 1024 bytes)
Console: colour dummy device 80x30
Dentry cache hash table entries: 8192 (order: 3, 32768 bytes)
Inode-cache hash table entries: 4096 (order: 2, 16384 bytes)
Memory: 64MB 0MB 0MB 0MB = 64MB total
Memory: 60456KB available (3968K code, 309K data, 128K init)
Calibrating delay loop... 599.65 BogoMIPS (lpj=2998272)
Mount-cache hash table entries: 512
CPU: Testing write buffer coherency: ok
NET: Registered protocol family 16

CPU Interface
-------------
SDRAM_CS0 ....base 00000000, size  64MB 
SDRAM_CS1 ....disable
SDRAM_CS2 ....disable
SDRAM_CS3 ....disable
PEX0_MEM ....base e8000000, size 128MB 
PEX0_IO ....base f2000000, size   1MB 
INTER_REGS ....base f1000000, size   1MB 
NFLASH_CS ....base fa000000, size   2MB 
SPI_CS ....base f4000000, size  16MB 
BOOT_ROM_CS ....no such
DEV_BOOTCS ....no such
CRYPT_ENG ....base f0000000, size   2MB 

  Marvell Development Board (LSP Version KW_LSP_4.2.6)-- MVLSXL  Soc: MV88F6281 Rev 3 LE

 Detected Tclk 166666667 and SysClk 300000000 
MV Buttons Device Load
Marvell USB EHCI Host controller #0: c04fa600
PEX0 interface detected no Link.
PCI: bus0: Fast back to back transfers enabled
SCSI subsystem initialized
NET: Registered protocol family 2
Time: kw_clocksource clocksource has been installed.
IP route cache hash table entries: 1024 (order: 0, 4096 bytes)
TCP established hash table entries: 2048 (order: 2, 16384 bytes)
TCP bind hash table entries: 2048 (order: 1, 8192 bytes)
TCP: Hash tables configured (established 2048 bind 2048)
TCP reno registered
checking if image is initramfs... it is
RTC registered
MICON ctrl (C) BUFFALO INC. V.1.00 installed.
Buffalo Gpio Control Driver (C) BUFFALO INC. Ver.1.00 installed.
Buffalo CPU Inerupts Driver (C) BUFFALO INC. Ver.0.01 alpha1 installed.
Kernel event proc (C) BUFFALO INC. V.1.00 installed.
Use the XOR engines (acceleration) for enhancing the following functions:
  o RAID 5 Xor calculation
  o kernel memcpy
  o kenrel memzero
Number of XOR engines to use: 4
cesadev_init(c0011e38)
MV Buttons Driver Load
VFS: Disk quotas dquot_6.5.1
Dquot-cache hash table entries: 1024 (order 0, 4096 bytes)
JFFS2 version 2.2. (NAND) Â© 2001-2006 Red Hat, Inc.
SGI XFS with ACLs, large block numbers, no debug enabled
SGI XFS Quota Management subsystem
io scheduler noop registered
io scheduler anticipatory registered (default)
RAMDISK driver initialized: 2 RAM disks of 32768K size 1024 blocksize
loop: module loaded
Loading Marvell Ethernet Driver:
  o Cached descriptors in DRAM
  o DRAM SW cache-coherency
  o Single RX Queue support - ETH_DEF_RXQ=0
  o Single TX Queue support - ETH_DEF_TXQ=0
  o Receive checksum offload enabled
  o Transmit checksum offload enabled
  o Network Fast Processing (Routing) supported
  o Driver ERROR statistics enabled
  o Driver INFO statistics enabled
  o Proc tool API enabled
  o Gateway support enabled
     o Using Marvell Header Mode
     o L2 IGMP support
  o Rx descripors: q0=128
  o Tx descripors: q0=532
  o Loading network interface(s):
    o eth0, ifindex = 1, GbE port = 0
    o eth1, ifindex = 2, GbE port = 1

mvFpRuleDb (c0987000): 1024 entries, 4096 bytes
Integrated Sata device found
scsi0 : Marvell SCSI to SATA adapter
scsi1 : Marvell SCSI to SATA adapter
scsi 0:0:0:0: Direct-Access     Seagate  ST31000528AS     CC44 PQ: 0 ANSI: 5
sd 0:0:0:0: [sda] 1953525168 512-byte hardware sectors (1000205 MB)
sd 0:0:0:0: [sda] Write Protect is off
sd 0:0:0:0: [sda] Mode Sense: 23 00 10 00
sd 0:0:0:0: [sda] Write cache: enabled, read cache: enabled, supports DPO and FUA
sd 0:0:0:0: [sda] 1953525168 512-byte hardware sectors (1000205 MB)
sd 0:0:0:0: [sda] Write Protect is off
sd 0:0:0:0: [sda] Mode Sense: 23 00 10 00
sd 0:0:0:0: [sda] Write cache: enabled, read cache: enabled, supports DPO and FUA
 sda: sda1 sda2 sda3 sda4 sda5 sda6
sd 0:0:0:0: [sda] Attached SCSI disk
sd 0:0:0:0: Attached scsi generic sg0 type 0
NFTL driver: nftlcore.c $Revision: 1.98 $, nftlmount.c $Revision: 1.41 $
SPI Serial flash detected @ 0xf4000000, 512KB (8sec x 64KB)
NAND init: NAND device not found on board
mice: PS/2 mouse device common for all mice
Linux telephony interface: v1.00
md: linear personality registered for level -1
md: raid0 personality registered for level 0
md: raid1 personality registered for level 1
raid6: int32x1     55 MB/s
raid6: int32x2     65 MB/s
raid6: int32x4     65 MB/s
raid6: int32x8     56 MB/s
raid6: using algorithm int32x2 (65 MB/s)
md: raid6 personality registered for level 6
md: raid5 personality registered for level 5
md: raid4 personality registered for level 4
raid5: measuring checksumming speed
   arm4regs  :   544.800 MB/sec
   8regs     :   379.200 MB/sec
   32regs    :   452.000 MB/sec
raid5: using function: arm4regs (544.800 MB/sec)
device-mapper: ioctl: 4.11.0-ioctl (2006-10-12) initialised: dm-devel@redhat.com
dm_crypt using the OCF package.
TCP cubic registered
NET: Registered protocol family 1
NET: Registered protocol family 17
md: Autodetecting RAID arrays.
md: autorun ...
md: ... autorun DONE.
kjournald starting.  Commit interval 5 seconds
EXT3-fs warning: checktime reached, running e2fsck is recommended
EXT3 FS on sda2, internal journal
EXT3-fs: mounted filesystem with ordered data mode.
VFS: Mounted root (ext3 filesystem).
Freeing init memory: 128K
Warning: unable to open an initial console.
Adding 1000440k swap on /dev/sda5.  Priority:-1 extents:1 across:1000440k
EXT3-fs warning: checktime reached, running e2fsck is recommended
EXT3 FS on sda2, internal journal
kjournald starting.  Commit interval 5 seconds
EXT3-fs: mounted filesystem with ordered data mode.
XFS mounting filesystem sda6
Ending clean XFS mount for filesystem: sda6
eth1: link down
eth1: started
eth1: link up, full duplex, speed 1 Gbps
program smartctl is using a deprecated SCSI ioctl, please convert it to SG_IO
program smartctl is using a deprecated SCSI ioctl, please convert it to SG_IO
program smartctl is using a deprecated SCSI ioctl, please convert it to SG_IO
program smartctl is using a deprecated SCSI ioctl, please convert it to SG_IO
program smartctl is using a deprecated SCSI ioctl, please convert it to SG_IO
program smartctl is using a deprecated SCSI ioctl, please convert it to SG_IO
program smartctl is using a deprecated SCSI ioctl, please convert it to SG_IO
usbcore: registered new interface driver usbfs
usbcore: registered new interface driver hub
usbcore: registered new device driver usb
ehci_marvell ehci_marvell.70059: Marvell Orion EHCI
ehci_marvell ehci_marvell.70059: new USB bus registered, assigned bus number 1
ehci_marvell ehci_marvell.70059: irq 19, io base 0xf1050100
ehci_marvell ehci_marvell.70059: USB 2.0 started, EHCI 1.00, driver 10 Dec 2004
usb usb1: configuration #1 chosen from 1 choice
hub 1-0:1.0: USB hub found
hub 1-0:1.0: 1 port detected
ohci_hcd: 2006 August 04 USB 1.1 'Open' Host Controller (OHCI) Driver
USB Universal Host Controller Interface driver v3.0
Initializing USB Mass Storage driver...
usbcore: registered new interface driver usb-storage
USB Mass Storage support registered.
usbcore: registered new interface driver usblp
drivers/usb/class/usblp.c: v0.13: USB Printer Device Class driver
program smartctl is using a deprecated SCSI ioctl, please convert it to SG_IO
program smartctl is using a deprecated SCSI ioctl, please convert it to SG_IO
program smartctl is using a deprecated SCSI ioctl, please convert it to SG_IO
program smartctl is using a deprecated SCSI ioctl, please convert it to SG_IO
program smartctl is using a deprecated SCSI ioctl, please convert it to SG_IO
program smartctl is using a deprecated SCSI ioctl, please convert it to SG_IO
program smartctl is using a deprecated SCSI ioctl, please convert it to SG_IO
